gmake[3]: Entering directory `/tmp/LCLintDev/test'

Cannot find standard library: ansi.lcd
     Check LARCH_PATH environment variable.
argorder.c: (in function f)
argorder.c:6:3: Unrecognized identifier: printf
argorder.c:10:13: Argument 1 modifies i, used by argument 2 (order of
    evaluation of actual parameters is undefined): f((i++, j++), (i = 3), j)
argorder.c:10:13: Argument 1 modifies j, used by argument 3 (order of
    evaluation of actual parameters is undefined): f((i++, j++), (i = 3), j)
argorder.c:10:25: Argument 2 modifies i, used by argument 1 (order of
    evaluation of actual parameters is undefined): f((i++, j++), (i = 3), j)

Finished LCLint checking --- 4 code errors found, as expected

Cannot find standard library: ansi.lcd
     Check LARCH_PATH environment variable.
Continuing without LCL init file: lclinit.lci
Continuing without LSL init file: lslinit.lsi
Unable to find CTrait.syms or CTrait.lsl.  Check LARCH_PATH environment
variable.
gmake[3]: *** [argorder] Error 1
gmake[3]: Leaving directory `/tmp/LCLintDev/test'
