
Cannot find standard library: ansi.lcd
     Check LARCH_PATH environment variable.
cases.c: (in function f)
cases.c:11:7: Unrecognized identifier: printf
cases.c:12:10: Fall through case (no preceding break)
cases.c:13:11: Variable i used before definition
cases.c:30:10: Fall through case (no preceding break)
cases.c:37:13: Fall through case (no preceding break)
cases.c:40:2: Path with no return in function declared to return int

Finished LCLint checking --- 6 code errors found, expected 5
