
Cannot find standard library: ansi.lcd
     Check LARCH_PATH environment variable.
compdestroy.c: (in function sip_free)
compdestroy.c:15:7: Unrecognized identifier: free
compdestroy.c:21:2: Only storage x not released before return
   compdestroy.c:9:31: Storage x becomes only
compdestroy.c: (in function sip_free2)
compdestroy.c:27:2: Only storage x not released before return
   compdestroy.c:23:32: Storage x becomes only

Finished LCLint checking --- 3 code errors found, expected 1
