csyntax.c:20:5: Function main declared with 1 arg, should have 2 (int argc,
                   char *argv[])

