dbase.lcl:2:1: Cannot find standard import file: stdio.lcs
*** Cannot continue.
