
erc.h: (in macro erc_initMod)
erc.h:19: Test expression for while not bool, type int: 0
*** Segmentation Violation
*** Location (not trusted): erc.h:24
*** Last code point: exprNode.c:8886
*** Previous code point: exprNode.c:8886
*** Please report bug to lclint-bug@cs.virginia.edu
