
Cannot find standard library: ansi.lcd
     Check LARCH_PATH environment variable.
fields.c:8:52: Old style declaration uses unlisted parameter: smalloc
*** Cannot continue.
