
Cannot find standard library: ansi.lcd
     Check LARCH_PATH environment variable.

Finished LCLint checking --- no code errors found

Cannot find standard library: ansi.lcd
     Check LARCH_PATH environment variable.
impabstract.c: (in function f)
impabstract.c:11:7: Left operand of < is abstract type (mint): m < 2
  An abstraction barrier is broken. If necessary, use /*@access <type>@*/ to
  allow access to an abstract type. (-abstract will suppress message)
impabstract.c:13:14: Return value type mint does not match declared type int: m
  Underlying types match, but mint is an abstract type that is not accessible
  here.

Finished LCLint checking --- 2 code errors found, as expected

Cannot find standard library: ansi.lcd
     Check LARCH_PATH environment variable.
Continuing without LCL init file: lclinit.lci
Continuing without LSL init file: lslinit.lsi
Unable to find CTrait.syms or CTrait.lsl.  Check LARCH_PATH environment
variable.
