
Cannot find standard library: ansi.lcd
     Check LARCH_PATH environment variable.
inparam.c: (in function f)
inparam.c:8:16: Passed storage x not completely defined (*x is undefined):
                   unknown (x)
inparam.c:12:16: Passed storage x not completely defined (*x is undefined):
                    inparam (x)

Finished LCLint checking --- 2 code errors found, as expected

Cannot find standard library: ansi.lcd
     Check LARCH_PATH environment variable.
inparam.c: (in function f)
inparam.c:12:16: Passed storage x not completely defined (*x is undefined):
                    inparam (x)

Finished LCLint checking --- 1 code error found, as expected
