gmake[3]: Entering directory `/tmp/LCLintDev/test'

Cannot find standard library: ansi.lcd
     Check LARCH_PATH environment variable.
libs.c: (in function compare2)
libs.c:14:10: Observer storage returned without qualification: "ok"
   libs.c:14:10: Storage becomes observer
libs.c: (in function leave)
libs.c:20:3: Unrecognized identifier: exit
libs.c:25:21: Parse Error: Inconsistent function parameter syntax: FILE :
                ?. (For help on parse errors, see lclint -help parseerrors.)
*** Cannot continue.
gmake[3]: *** [libs] Error 1
gmake[3]: Leaving directory `/tmp/LCLintDev/test'
