gmake[3]: Entering directory `/tmp/LCLintDev/test'

Cannot find standard library: ansi.lcd
     Check LARCH_PATH environment variable.
list.c:8:20: Old style declaration uses unlisted parameter: smalloc
*** Cannot continue.
gmake[3]: *** [list] Error 1
gmake[3]: Leaving directory `/tmp/LCLintDev/test'
