
minc1.h:1: Maximum include nesting depth (1, current depth 2) exceeded
   mongoincludes.c:1: Include site
minc4.h:1: Maximum include nesting depth (1, current depth 3) exceeded
   minc1.h:1: Include site
   mongoincludes.c:1: Include site
minc1.h:2: Maximum include nesting depth (1, current depth 2) exceeded
   mongoincludes.c:1: Include site
minc1.h:3: Maximum include nesting depth (1, current depth 2) exceeded
   mongoincludes.c:1: Include site
minc2.h:1: Maximum include nesting depth (1, current depth 3) exceeded
   minc1.h:3: Include site
   mongoincludes.c:1: Include site
minc3.h:1: Maximum include nesting depth (1, current depth 4) exceeded
   minc2.h:1: Include site
   minc1.h:3: Include site
   mongoincludes.c:1: Include site
minc4.h:1: Maximum include nesting depth (1, current depth 5) exceeded
   minc3.h:1: Include site
   minc2.h:1: Include site
   minc1.h:3: Include site
   mongoincludes.c:1: Include site
minc3.h:2: Maximum include nesting depth (1, current depth 4) exceeded
   minc2.h:1: Include site
   minc1.h:3: Include site
   mongoincludes.c:1: Include site
minc2.h:2: Maximum include nesting depth (1, current depth 3) exceeded
   minc1.h:3: Include site
   mongoincludes.c:1: Include site
minc4.h:1: Maximum include nesting depth (1, current depth 4) exceeded
   minc2.h:2: Include site
   minc1.h:3: Include site
   mongoincludes.c:1: Include site
minc2.h:3: Maximum include nesting depth (1, current depth 3) exceeded
   minc1.h:3: Include site
   mongoincludes.c:1: Include site
minc1.h:4: Maximum include nesting depth (1, current depth 2) exceeded
   mongoincludes.c:1: Include site
minc3.h:1: Maximum include nesting depth (1, current depth 3) exceeded
   minc1.h:4: Include site
   mongoincludes.c:1: Include site
minc3.h:2: Maximum include nesting depth (1, current depth 3) exceeded
   minc1.h:4: Include site
   mongoincludes.c:1: Include site
minc2.h:1: Maximum include nesting depth (1, current depth 2) exceeded
   mongoincludes.c:2: Include site
minc2.h:2: Maximum include nesting depth (1, current depth 2) exceeded
   mongoincludes.c:2: Include site
minc2.h:3: Maximum include nesting depth (1, current depth 2) exceeded
   mongoincludes.c:2: Include site
minc3.h:1: Maximum include nesting depth (1, current depth 2) exceeded
   mongoincludes.c:3: Include site
minc3.h:2: Maximum include nesting depth (1, current depth 2) exceeded
   mongoincludes.c:3: Include site

Finished LCLint checking --- 19 code errors found, as expected

minc4.h:1: Maximum include nesting depth (2, current depth 3) exceeded
   minc1.h:1: Include site
   mongoincludes.c:1: Include site
minc2.h:1: Maximum include nesting depth (2, current depth 3) exceeded
   minc1.h:3: Include site
   mongoincludes.c:1: Include site
minc3.h:1: Maximum include nesting depth (2, current depth 4) exceeded
   minc2.h:1: Include site
   minc1.h:3: Include site
   mongoincludes.c:1: Include site
minc4.h:1: Maximum include nesting depth (2, current depth 5) exceeded
   minc3.h:1: Include site
   minc2.h:1: Include site
   minc1.h:3: Include site
   mongoincludes.c:1: Include site
minc3.h:2: Maximum include nesting depth (2, current depth 4) exceeded
   minc2.h:1: Include site
   minc1.h:3: Include site
   mongoincludes.c:1: Include site
minc2.h:2: Maximum include nesting depth (2, current depth 3) exceeded
   minc1.h:3: Include site
   mongoincludes.c:1: Include site
minc4.h:1: Maximum include nesting depth (2, current depth 4) exceeded
   minc2.h:2: Include site
   minc1.h:3: Include site
   mongoincludes.c:1: Include site
minc2.h:3: Maximum include nesting depth (2, current depth 3) exceeded
   minc1.h:3: Include site
   mongoincludes.c:1: Include site
minc3.h:1: Maximum include nesting depth (2, current depth 3) exceeded
   minc1.h:4: Include site
   mongoincludes.c:1: Include site
minc3.h:2: Maximum include nesting depth (2, current depth 3) exceeded
   minc1.h:4: Include site
   mongoincludes.c:1: Include site

Finished LCLint checking --- 10 code errors found, as expected

minc3.h:1: Maximum include nesting depth (3, current depth 4) exceeded
   minc2.h:1: Include site
   minc1.h:3: Include site
   mongoincludes.c:1: Include site
minc4.h:1: Maximum include nesting depth (3, current depth 5) exceeded
   minc3.h:1: Include site
   minc2.h:1: Include site
   minc1.h:3: Include site
   mongoincludes.c:1: Include site
minc3.h:2: Maximum include nesting depth (3, current depth 4) exceeded
   minc2.h:1: Include site
   minc1.h:3: Include site
   mongoincludes.c:1: Include site
minc4.h:1: Maximum include nesting depth (3, current depth 4) exceeded
   minc2.h:2: Include site
   minc1.h:3: Include site
   mongoincludes.c:1: Include site

Finished LCLint checking --- 4 code errors found, as expected

minc4.h:1: Maximum include nesting depth (4, current depth 5) exceeded
   minc3.h:1: Include site
   minc2.h:1: Include site
   minc1.h:3: Include site
   mongoincludes.c:1: Include site

Finished LCLint checking --- 1 code error found, as expected

Finished LCLint checking --- no code errors found
