
Cannot find standard library: ansi.lcd
     Check LARCH_PATH environment variable.

Finished LCLint checking --- no code errors found

Cannot find standard library: ansi.lcd
     Check LARCH_PATH environment variable.
prefixes.c:20: Parameterized macro has no prototype or specification: mf 
prefixes.c: (in macro mf)
prefixes.c:20:37: Variable y name is not consistent with macro variable
                     namespace prefix "m_"
prefixes.c:20:37: Variable y declared but not used
prefixes.c:20:26: Variable m_x declared but not used
prefixes.c:20:50: Unrecognized identifier in macro definition: FALSE

Finished LCLint checking --- 5 code errors found, expected 4
