
Cannot find standard library: ansi.lcd
     Check LARCH_PATH environment variable.
release.c: (in function f)
release.c:3:12: Unrecognized identifier: NULL
release.c:8:17: Unrecognized identifier: malloc

Finished LCLint checking --- 2 code errors found, expected 1
