
sizeof.c: (in function main)
sizeof.c:9:2: Unresolved constraint:
    Lclint is unable to resolve Requires: : MAXSET ((x @ sizeof.c:6:2 ) )  >= 
    ( 3 )  needed to satisy Requires: : MAXSET ((x @ sizeof.c:6:2 ) )  >=  ( 3
    ) 

Finished LCLint checking --- 1 code error found
