gmake[3]: Entering directory `/tmp/LCLintDev/test'
gmake[4]: Entering directory `/tmp/LCLintDev/test/strchr'

Cannot find standard library: ansi.lcd
     Check LARCH_PATH environment variable.
strchr.c: (in function func)
strchr.c:5:7: Unrecognized identifier: strchr
strchr.c:6:3: Possible out-of-bounds store:
    Unable to resolve constraint:
    requires maxSet(strchr("dfdfedfd", 'e') @ strchr.c:5:7) >= 0
     needed to satisfy precondition:
    requires maxSet(c @ strchr.c:6:4) >= 0
strchr.c: (in function fixline)
strchr.c:15:5: Possible out-of-bounds store:
    Unable to resolve constraint:
    requires maxSet(strchr(line, '\n') @ strchr.c:13:13) >= 0
     needed to satisfy precondition:
    requires maxSet(p @ strchr.c:15:6) >= 0

Finished LCLint checking --- 3 code errors found, expected 2
gmake[4]: *** [check] Error 1
gmake[4]: Leaving directory `/tmp/LCLintDev/test/strchr'
gmake[3]: *** [strchr] Error 2
gmake[3]: Leaving directory `/tmp/LCLintDev/test'
