
Cannot find standard library: ansi.lcd
     Check LARCH_PATH environment variable.
ud.c: (in function f)
ud.c:8:7: Variable y used before definition
ud.c:10:7: Variable z used before definition
ud.c:25:7: Variable z3 used before definition
ud.c:26:7: Variable z4 used before definition
ud.c:31:7: Variable z6 used before definition
ud.c:38:11: Variable j used before definition
ud.c:49:6: Variable i used before definition
ud.c:50:6: Variable z5 used before definition
ud.c:56:7: Variable z5 used before definition

Finished LCLint checking --- 9 code errors found, as expected

Cannot find standard library: ansi.lcd
     Check LARCH_PATH environment variable.
Continuing without LCL init file: lclinit.lci
Continuing without LSL init file: lslinit.lsi
Unable to find CTrait.syms or CTrait.lsl.  Check LARCH_PATH environment
variable.
