
Cannot find standard library: ansi.lcd
     Check LARCH_PATH environment variable.
union.c:10:52: Old style declaration uses unlisted parameter: smalloc
*** Cannot continue.
